INFO: 시스템 시작
ERROR: 연결 실패
INFO: 작업 완료
ERROR: 파일 없음
